src/controllers/CompanyController.ts(34,26): error TS2412: Type 'string | string[] | undefined' is not assignable to type 'string | StringFilter<"Branch"> | undefined' with 'exactOptionalPropertyTypes: true'. Consider adding 'undefined' to the type of the target.
src/services/AutomationService.ts(1,19): error TS2307: Cannot find module 'axios' or its corresponding type declarations.
