src/controllers/CampaignController.ts(59,26): error TS2412: Type 'string | string[] | undefined' is not assignable to type 'string | undefined' with 'exactOptionalPropertyTypes: true'. Consider adding 'undefined' to the type of the target.
src/controllers/CampaignController.ts(94,39): error TS2551: Property 'template' does not exist on type '{ id: string; status: string; companyId: string; createdAt: Date; updatedAt: Date; name: string; type: string; scheduledAt: Date | null; filters: string; templateId: string | null; }'. Did you mean 'templateId'?
src/controllers/CampaignController.ts(145,21): error TS2375: Type '{ leadId: string; userId: string; type: string; direction: string; content: any; status: "SENT" | "FAILED"; providerId: string | undefined; campaignId: string; }' is not assignable to type '(Without<CommunicationLogCreateInput, CommunicationLogUncheckedCreateInput> & CommunicationLogUncheckedCreateInput) | (Without<...> & CommunicationLogCreateInput)' with 'exactOptionalPropertyTypes: true'. Consider adding 'undefined' to the types of the target's properties.
  Type '{ leadId: string; userId: string; type: string; direction: string; content: any; status: "SENT" | "FAILED"; providerId: string | undefined; campaignId: string; }' is not assignable to type 'Without<CommunicationLogCreateInput, CommunicationLogUncheckedCreateInput> & CommunicationLogUncheckedCreateInput' with 'exactOptionalPropertyTypes: true'. Consider adding 'undefined' to the types of the target's properties.
    Type '{ leadId: string; userId: string; type: string; direction: string; content: any; status: "SENT" | "FAILED"; providerId: string | undefined; campaignId: string; }' is not assignable to type 'CommunicationLogUncheckedCreateInput' with 'exactOptionalPropertyTypes: true'. Consider adding 'undefined' to the types of the target's properties.
      Types of property 'providerId' are incompatible.
        Type 'string | undefined' is not assignable to type 'string | null'.
          Type 'undefined' is not assignable to type 'string | null'.
src/controllers/CampaignController.ts(160,26): error TS2412: Type 'string | string[] | undefined' is not assignable to type 'string | undefined' with 'exactOptionalPropertyTypes: true'. Consider adding 'undefined' to the type of the target.
src/controllers/CommunicationController.ts(74,26): error TS2412: Type 'string | string[] | undefined' is not assignable to type 'string | StringFilter<"CommunicationLog"> | undefined' with 'exactOptionalPropertyTypes: true'. Consider adding 'undefined' to the type of the target.
src/controllers/LeadController.ts(84,26): error TS2412: Type 'string | string[] | undefined' is not assignable to type 'string | undefined' with 'exactOptionalPropertyTypes: true'. Consider adding 'undefined' to the type of the target.
